c:\users\roboc\desktop\school stuff\game engine\make a dragon fly\makeadragonfly\makeadragonfly\x64\debug\vc145.pdb
c:\users\roboc\desktop\school stuff\game engine\make a dragon fly\makeadragonfly\makeadragonfly\x64\debug\vc145.idb
c:\users\roboc\desktop\school stuff\game engine\make a dragon fly\makeadragonfly\makeadragonfly\x64\debug\inputmanager.obj
c:\users\roboc\desktop\school stuff\game engine\make a dragon fly\makeadragonfly\makeadragonfly\x64\debug\gamemanager.obj
c:\users\roboc\desktop\school stuff\game engine\make a dragon fly\makeadragonfly\makeadragonfly\x64\debug\frame.obj
c:\users\roboc\desktop\school stuff\game engine\make a dragon fly\makeadragonfly\makeadragonfly\x64\debug\eventstep.obj
c:\users\roboc\desktop\school stuff\game engine\make a dragon fly\makeadragonfly\makeadragonfly\x64\debug\eventregistrationkeeper.obj
c:\users\roboc\desktop\school stuff\game engine\make a dragon fly\makeadragonfly\makeadragonfly\x64\debug\eventout.obj
c:\users\roboc\desktop\school stuff\game engine\make a dragon fly\makeadragonfly\makeadragonfly\x64\debug\eventmouse.obj
c:\users\roboc\desktop\school stuff\game engine\make a dragon fly\makeadragonfly\makeadragonfly\x64\debug\eventmanager.obj
c:\users\roboc\desktop\school stuff\game engine\make a dragon fly\makeadragonfly\makeadragonfly\x64\debug\eventkeyboard.obj
c:\users\roboc\desktop\school stuff\game engine\make a dragon fly\makeadragonfly\makeadragonfly\x64\debug\eventcollision.obj
c:\users\roboc\desktop\school stuff\game engine\make a dragon fly\makeadragonfly\makeadragonfly\x64\debug\eventcameraout.obj
c:\users\roboc\desktop\school stuff\game engine\make a dragon fly\makeadragonfly\makeadragonfly\x64\debug\event.obj
c:\users\roboc\desktop\school stuff\game engine\make a dragon fly\makeadragonfly\makeadragonfly\x64\debug\displaymanager.obj
c:\users\roboc\desktop\school stuff\game engine\make a dragon fly\makeadragonfly\makeadragonfly\x64\debug\colors.obj
c:\users\roboc\desktop\school stuff\game engine\make a dragon fly\makeadragonfly\makeadragonfly\x64\debug\clock.obj
c:\users\roboc\desktop\school stuff\game engine\make a dragon fly\makeadragonfly\makeadragonfly\x64\debug\cameramanager.obj
c:\users\roboc\desktop\school stuff\game engine\make a dragon fly\makeadragonfly\makeadragonfly\x64\debug\camera.obj
c:\users\roboc\desktop\school stuff\game engine\make a dragon fly\makeadragonfly\makeadragonfly\x64\debug\box.obj
c:\users\roboc\desktop\school stuff\game engine\make a dragon fly\makeadragonfly\makeadragonfly\x64\debug\animationtestobject.obj
c:\users\roboc\desktop\school stuff\game engine\make a dragon fly\makeadragonfly\makeadragonfly\x64\debug\anamation.obj
c:\users\roboc\desktop\school stuff\game engine\make a dragon fly\makeadragonfly\makeadragonfly\x64\debug\worldmanager.obj
c:\users\roboc\desktop\school stuff\game engine\make a dragon fly\makeadragonfly\makeadragonfly\x64\debug\velocitytestobject.obj
c:\users\roboc\desktop\school stuff\game engine\make a dragon fly\makeadragonfly\makeadragonfly\x64\debug\vector.obj
c:\users\roboc\desktop\school stuff\game engine\make a dragon fly\makeadragonfly\makeadragonfly\x64\debug\utility.obj
c:\users\roboc\desktop\school stuff\game engine\make a dragon fly\makeadragonfly\makeadragonfly\x64\debug\timermanager.obj
c:\users\roboc\desktop\school stuff\game engine\make a dragon fly\makeadragonfly\makeadragonfly\x64\debug\eventtimer.obj
c:\users\roboc\desktop\school stuff\game engine\make a dragon fly\makeadragonfly\makeadragonfly\x64\debug\timer.obj
c:\users\roboc\desktop\school stuff\game engine\make a dragon fly\makeadragonfly\makeadragonfly\x64\debug\tests.obj
c:\users\roboc\desktop\school stuff\game engine\make a dragon fly\makeadragonfly\makeadragonfly\x64\debug\testobject.obj
c:\users\roboc\desktop\school stuff\game engine\make a dragon fly\makeadragonfly\makeadragonfly\x64\debug\testdrawobject.obj
c:\users\roboc\desktop\school stuff\game engine\make a dragon fly\makeadragonfly\makeadragonfly\x64\debug\sprite.obj
c:\users\roboc\desktop\school stuff\game engine\make a dragon fly\makeadragonfly\makeadragonfly\x64\debug\sound.obj
c:\users\roboc\desktop\school stuff\game engine\make a dragon fly\makeadragonfly\makeadragonfly\x64\debug\resourcemanager.obj
c:\users\roboc\desktop\school stuff\game engine\make a dragon fly\makeadragonfly\makeadragonfly\x64\debug\objectlist.obj
c:\users\roboc\desktop\school stuff\game engine\make a dragon fly\makeadragonfly\makeadragonfly\x64\debug\object.obj
c:\users\roboc\desktop\school stuff\game engine\make a dragon fly\makeadragonfly\makeadragonfly\x64\debug\music.obj
c:\users\roboc\desktop\school stuff\game engine\make a dragon fly\makeadragonfly\makeadragonfly\x64\debug\manager.obj
c:\users\roboc\desktop\school stuff\game engine\make a dragon fly\makeadragonfly\makeadragonfly\x64\debug\logmanager.obj
c:\users\roboc\desktop\school stuff\game engine\make a dragon fly\makeadragonfly\makeadragonfly\x64\debug\keymovetestobject.obj
c:\users\roboc\desktop\school stuff\game engine\make a dragon fly\makeadragonfly\makeadragonfly\x64\debug\inputtestdisplayobject.obj
c:\users\roboc\desktop\school stuff\game engine\make a dragon fly\makeadragonfly\x64\debug\makeadragonfly.exe
c:\users\roboc\desktop\school stuff\game engine\make a dragon fly\makeadragonfly\x64\debug\makeadragonfly.pdb
c:\users\roboc\desktop\school stuff\game engine\make a dragon fly\makeadragonfly\makeadragonfly\x64\debug\makeadragonfly.ilk
c:\users\roboc\desktop\school stuff\game engine\make a dragon fly\makeadragonfly\makeadragonfly\x64\debug\makeadragonfly.tlog\cl.command.1.tlog
c:\users\roboc\desktop\school stuff\game engine\make a dragon fly\makeadragonfly\makeadragonfly\x64\debug\makeadragonfly.tlog\cl.items.tlog
c:\users\roboc\desktop\school stuff\game engine\make a dragon fly\makeadragonfly\makeadragonfly\x64\debug\makeadragonfly.tlog\cl.read.1.tlog
c:\users\roboc\desktop\school stuff\game engine\make a dragon fly\makeadragonfly\makeadragonfly\x64\debug\makeadragonfly.tlog\cl.write.1.tlog
c:\users\roboc\desktop\school stuff\game engine\make a dragon fly\makeadragonfly\makeadragonfly\x64\debug\makeadragonfly.tlog\link.command.1.tlog
c:\users\roboc\desktop\school stuff\game engine\make a dragon fly\makeadragonfly\makeadragonfly\x64\debug\makeadragonfly.tlog\link.read.1.tlog
c:\users\roboc\desktop\school stuff\game engine\make a dragon fly\makeadragonfly\makeadragonfly\x64\debug\makeadragonfly.tlog\link.secondary.1.tlog
c:\users\roboc\desktop\school stuff\game engine\make a dragon fly\makeadragonfly\makeadragonfly\x64\debug\makeadragonfly.tlog\link.write.1.tlog
